// Jest Snapshot v1, https://goo.gl/fbAQLP

exports[`BasicModalComponent BasicModalComponent should match snapshot 1`] = `<div />`;
